EN ejercicio1 NULL "C:/Users/Ivan/Desktop/Practicas digital  Repeticion/Realizacion/Prueba_practica/Ejercicio1.vhd" sub00/vhpl00 1413278226
EN ejercicio2 NULL "C:/Users/Ivan/Desktop/Practicas digital  Repeticion/Realizacion/Prueba_practica/Ejercicio2.vhd" sub00/vhpl02 1413278228
AR ejercicio2 behavioral "C:/Users/Ivan/Desktop/Practicas digital  Repeticion/Realizacion/Prueba_practica/Ejercicio2.vhd" sub00/vhpl03 1413278229
AR ejercicio1 behavioral "C:/Users/Ivan/Desktop/Practicas digital  Repeticion/Realizacion/Prueba_practica/Ejercicio1.vhd" sub00/vhpl01 1413278227
