V3 3
FL "C:/Users/Ivan/Desktop/Practicas digital  Repeticion/Realizacion/Practica_4/mux_2a1.vhd" 2014/10/21.09:18:47 P.58f
EN work/mux_2a1 1413879530 \
      FL "C:/Users/Ivan/Desktop/Practicas digital  Repeticion/Realizacion/Practica_4/mux_2a1.vhd" \
      PB ieee/std_logic_1164 1364358218
AR work/mux_2a1/Behavioral 1413879531 \
      FL "C:/Users/Ivan/Desktop/Practicas digital  Repeticion/Realizacion/Practica_4/mux_2a1.vhd" \
      EN work/mux_2a1 1413879530
