V3 3
FL "C:/Users/Ivan/Desktop/Practicas digital  Repeticion/Realizacion/Practica_1REP/puertas.vhd" 2014/10/11.18:27:54 P.58f
EN work/puertas 1413048562 \
      FL "C:/Users/Ivan/Desktop/Practicas digital  Repeticion/Realizacion/Practica_1REP/puertas.vhd" \
      PB ieee/std_logic_1164 1364358218
AR work/puertas/Behavioral 1413048563 \
      FL "C:/Users/Ivan/Desktop/Practicas digital  Repeticion/Realizacion/Practica_1REP/puertas.vhd" \
      EN work/puertas 1413048562
