AR ffd_reset behavioral "C:/Users/Ivan/Desktop/Practicas digital  Repeticion/Realizacion/Controlador_ultrasonidos/ffD_reset.vhd" sub00/vhpl03 1417478738
EN cycle_counter NULL "C:/Users/Ivan/Desktop/Practicas digital  Repeticion/Realizacion/Controlador_ultrasonidos/Contador_19455.vhd" sub00/vhpl22 1417478757
EN measure_registers NULL "C:/Users/Ivan/Desktop/Practicas digital  Repeticion/Realizacion/Controlador_ultrasonidos/measure_registers.vhd" sub00/vhpl18 1417478753
EN seven_segment_mux NULL "C:/Users/Ivan/Desktop/Practicas digital  Repeticion/Realizacion/Controlador_ultrasonidos/seven_segment_mux.vhd" sub00/vhpl26 1417478761
EN seq_generator NULL "C:/Users/Ivan/Desktop/Practicas digital  Repeticion/Realizacion/Controlador_ultrasonidos/seq_generator.vhd" sub00/vhpl08 1417478743
EN cont_preescalado NULL "C:/Users/Ivan/Desktop/Practicas digital  Repeticion/Realizacion/Controlador_ultrasonidos/Prescaler.vhd" sub00/vhpl20 1417478755
AR measure_registers behavioral "C:/Users/Ivan/Desktop/Practicas digital  Repeticion/Realizacion/Controlador_ultrasonidos/measure_registers.vhd" sub00/vhpl19 1417478754
EN multiplexor NULL "C:/Users/Ivan/Desktop/Practicas digital  Repeticion/Realizacion/Controlador_ultrasonidos/multiplexor.vhd" sub00/vhpl04 1417478739
AR multiplexor behavioral "C:/Users/Ivan/Desktop/Practicas digital  Repeticion/Realizacion/Controlador_ultrasonidos/multiplexor.vhd" sub00/vhpl05 1417478740
EN eco_counter NULL "C:/Users/Ivan/Desktop/Practicas digital  Repeticion/Realizacion/Controlador_ultrasonidos/eco_counter.vhd" sub00/vhpl16 1417478751
AR seven_segment_mux behavioral "C:/Users/Ivan/Desktop/Practicas digital  Repeticion/Realizacion/Controlador_ultrasonidos/seven_segment_mux.vhd" sub00/vhpl27 1417478762
AR abs_counter behavioral "C:/Users/Ivan/Desktop/Practicas digital  Repeticion/Realizacion/Controlador_ultrasonidos/abs_counter.vhd" sub00/vhpl01 1417478736
AR maquina_d_estados behavioral "C:/Users/Ivan/Desktop/Practicas digital  Repeticion/Realizacion/Controlador_ultrasonidos/Maquina_d_estados.vhd" sub00/vhpl13 1417478748
AR cycle_counter behavioral "C:/Users/Ivan/Desktop/Practicas digital  Repeticion/Realizacion/Controlador_ultrasonidos/Contador_19455.vhd" sub00/vhpl23 1417478758
EN maquina_d_estados NULL "C:/Users/Ivan/Desktop/Practicas digital  Repeticion/Realizacion/Controlador_ultrasonidos/Maquina_d_estados.vhd" sub00/vhpl12 1417478747
AR decodificador2a4 behavioral "C:/Users/Ivan/Desktop/Practicas digital  Repeticion/Realizacion/Controlador_ultrasonidos/decodificador2a4.vhd" sub00/vhpl07 1417478742
AR cont_preescalado behavioral "C:/Users/Ivan/Desktop/Practicas digital  Repeticion/Realizacion/Controlador_ultrasonidos/Prescaler.vhd" sub00/vhpl21 1417478756
EN decodificador2a4 NULL "C:/Users/Ivan/Desktop/Practicas digital  Repeticion/Realizacion/Controlador_ultrasonidos/decodificador2a4.vhd" sub00/vhpl06 1417478741
AR representacion behavioral "C:/Users/Ivan/Desktop/Practicas digital  Repeticion/Realizacion/Controlador_ultrasonidos/Representacion.vhd" sub00/vhpl29 1417478764
AR decodificador2 behavioral "C:/Users/Ivan/Desktop/Practicas digital  Repeticion/Realizacion/Controlador_ultrasonidos/decodificador.vhd" sub00/vhpl11 1417478746
AR eco_counter behavioral "C:/Users/Ivan/Desktop/Practicas digital  Repeticion/Realizacion/Controlador_ultrasonidos/eco_counter.vhd" sub00/vhpl17 1417478752
AR seq_generator arch "C:/Users/Ivan/Desktop/Practicas digital  Repeticion/Realizacion/Controlador_ultrasonidos/seq_generator.vhd" sub00/vhpl09 1417478744
AR bidirectional_buffer_controller behavioral "C:/Users/Ivan/Desktop/Practicas digital  Repeticion/Realizacion/Controlador_ultrasonidos/Bidirectional_buffer_controller.vhd" sub00/vhpl15 1417478750
EN decodificador2 NULL "C:/Users/Ivan/Desktop/Practicas digital  Repeticion/Realizacion/Controlador_ultrasonidos/decodificador.vhd" sub00/vhpl10 1417478745
EN ultra_ping NULL "C:/Users/Ivan/Desktop/Practicas digital  Repeticion/Realizacion/Controlador_ultrasonidos/Ultra_ping.vhd" sub00/vhpl24 1417478759
EN representacion NULL "C:/Users/Ivan/Desktop/Practicas digital  Repeticion/Realizacion/Controlador_ultrasonidos/Representacion.vhd" sub00/vhpl28 1417478763
EN bidirectional_buffer_controller NULL "C:/Users/Ivan/Desktop/Practicas digital  Repeticion/Realizacion/Controlador_ultrasonidos/Bidirectional_buffer_controller.vhd" sub00/vhpl14 1417478749
EN ffd_reset NULL "C:/Users/Ivan/Desktop/Practicas digital  Repeticion/Realizacion/Controlador_ultrasonidos/ffD_reset.vhd" sub00/vhpl02 1417478737
EN abs_counter NULL "C:/Users/Ivan/Desktop/Practicas digital  Repeticion/Realizacion/Controlador_ultrasonidos/abs_counter.vhd" sub00/vhpl00 1417478735
AR ultra_ping behavioral "C:/Users/Ivan/Desktop/Practicas digital  Repeticion/Realizacion/Controlador_ultrasonidos/Ultra_ping.vhd" sub00/vhpl25 1417478760
