Release 14.5 - xst P.58f (nt64)
Copyright (c) 1995-2012 Xilinx, Inc.  All rights reserved.
--> Parameter TMPDIR set to xst/projnav.tmp


Total REAL time to Xst completion: 0.00 secs
Total CPU time to Xst completion: 0.16 secs
 
--> Parameter xsthdpdir set to xst


Total REAL time to Xst completion: 0.00 secs
Total CPU time to Xst completion: 0.16 secs
 
--> Reading design: abs_counter.prj

TABLE OF CONTENTS
  1) Synthesis Options Summary
  2) HDL Compilation
  3) Design Hierarchy Analysis
  4) HDL Analysis
  5) HDL Synthesis
     5.1) HDL Synthesis Report
  6) Advanced HDL Synthesis
     6.1) Advanced HDL Synthesis Report
  7) Low Level Synthesis
  8) Partition Report
  9) Final Report
	9.1) Device utilization summary
	9.2) Partition Resource Summary
	9.3) TIMING REPORT


=========================================================================
*                      Synthesis Options Summary                        *
=========================================================================
---- Source Parameters
Input File Name                    : "abs_counter.prj"
Input Format                       : mixed
Ignore Synthesis Constraint File   : NO

---- Target Parameters
Output File Name                   : "abs_counter"
Output Format                      : NGC
Target Device                      : xc3s100e-4-cp132

---- Source Options
Top Module Name                    : abs_counter
Automatic FSM Extraction           : YES
FSM Encoding Algorithm             : Auto
Safe Implementation                : No
FSM Style                          : LUT
RAM Extraction                     : Yes
RAM Style                          : Auto
ROM Extraction                     : Yes
Mux Style                          : Auto
Decoder Extraction                 : YES
Priority Encoder Extraction        : Yes
Shift Register Extraction          : YES
Logical Shifter Extraction         : YES
XOR Collapsing                     : YES
ROM Style                          : Auto
Mux Extraction                     : Yes
Resource Sharing                   : YES
Asynchronous To Synchronous        : NO
Multiplier Style                   : Auto
Automatic Register Balancing       : No

---- Target Options
Add IO Buffers                     : YES
Global Maximum Fanout              : 100000
Add Generic Clock Buffer(BUFG)     : 24
Register Duplication               : YES
Slice Packing                      : YES
Optimize Instantiated Primitives   : NO
Use Clock Enable                   : Yes
Use Synchronous Set                : Yes
Use Synchronous Reset              : Yes
Pack IO Registers into IOBs        : Auto
Equivalent register Removal        : YES

---- General Options
Optimization Goal                  : Speed
Optimization Effort                : 1
Keep Hierarchy                     : No
Netlist Hierarchy                  : As_Optimized
RTL Output                         : Yes
Global Optimization                : AllClockNets
Read Cores                         : YES
Write Timing Constraints           : NO
Cross Clock Analysis               : NO
Hierarchy Separator                : /
Bus Delimiter                      : <>
Case Specifier                     : Maintain
Slice Utilization Ratio            : 100
BRAM Utilization Ratio             : 100
Verilog 2001                       : YES
Auto BRAM Packing                  : NO
Slice Utilization Ratio Delta      : 5

=========================================================================


=========================================================================
*                          HDL Compilation                              *
=========================================================================
Compiling vhdl file "C:/Users/Tami/Desktop/PRACTICAS DIGITAL/ULTRASONIDOS/CONTROLADOR_ULTRASONIDOS/abs_counter.vhd" in Library work.
Architecture behavioral of Entity abs_counter is up to date.

=========================================================================
*                     Design Hierarchy Analysis                         *
=========================================================================
Analyzing hierarchy for entity <abs_counter> in library <work> (architecture <behavioral>) with generics.
	N_bits = 15
	abs_const = 19455


=========================================================================
*                            HDL Analysis                               *
=========================================================================
Analyzing generic Entity <abs_counter> in library <work> (Architecture <behavioral>).
	N_bits = 15
	abs_const = 19455
Entity <abs_counter> analyzed. Unit <abs_counter> generated.


=========================================================================
*                           HDL Synthesis                               *
=========================================================================

Performing bidirectional port resolution...

Synthesizing Unit <abs_counter>.
    Related source file is "C:/Users/Tami/Desktop/PRACTICAS DIGITAL/ULTRASONIDOS/CONTROLADOR_ULTRASONIDOS/abs_counter.vhd".
    Found 15-bit up counter for signal <q>.
    Summary:
	inferred   1 Counter(s).
Unit <abs_counter> synthesized.


=========================================================================
HDL Synthesis Report

Macro Statistics
# Counters                                             : 1
 15-bit up counter                                     : 1

=========================================================================

=========================================================================
*                       Advanced HDL Synthesis                          *
=========================================================================


=========================================================================
Advanced HDL Synthesis Report

Macro Statistics
# Counters                                             : 1
 15-bit up counter                                     : 1

=========================================================================

=========================================================================
*                         Low Level Synthesis                           *
=========================================================================

Optimizing unit <abs_counter> ...

Mapping all equations...
Building and optimizing final netlist ...
Found area constraint ratio of 100 (+ 5) on block abs_counter, actual ratio is 2.

Final Macro Processing ...

=========================================================================
Final Register Report

Macro Statistics
# Registers                                            : 15
 Flip-Flops                                            : 15

=========================================================================

=========================================================================
*                           Partition Report                            *
=========================================================================

Partition Implementation Status
-------------------------------

  No Partitions were found in this design.

-------------------------------

=========================================================================
*                            Final Report                               *
=========================================================================
Final Results
RTL Top Level Output File Name     : abs_counter.ngr
Top Level Output File Name         : abs_counter
Output Format                      : NGC
Optimization Goal                  : Speed
Keep Hierarchy                     : No

Design Statistics
# IOs                              : 19

Cell Usage :
# BELS                             : 67
#      GND                         : 1
#      INV                         : 1
#      LUT1                        : 14
#      LUT2                        : 16
#      LUT3_L                      : 1
#      LUT4                        : 4
#      MUXCY                       : 14
#      VCC                         : 1
#      XORCY                       : 15
# FlipFlops/Latches                : 15
#      FDCE                        : 15
# Clock Buffers                    : 1
#      BUFGP                       : 1
# IO Buffers                       : 18
#      IBUF                        : 2
#      OBUF                        : 16
=========================================================================

Device utilization summary:
---------------------------

Selected Device : 3s100ecp132-4 

 Number of Slices:                       20  out of    960     2%  
 Number of Slice Flip Flops:             15  out of   1920     0%  
 Number of 4 input LUTs:                 36  out of   1920     1%  
 Number of IOs:                          19
 Number of bonded IOBs:                  19  out of     83    22%  
 Number of GCLKs:                         1  out of     24     4%  

---------------------------
Partition Resource Summary:
---------------------------

  No Partitions were found in this design.

---------------------------


=========================================================================
TIMING REPORT

NOTE: THESE TIMING NUMBERS ARE ONLY A SYNTHESIS ESTIMATE.
      FOR ACCURATE TIMING INFORMATION PLEASE REFER TO THE TRACE REPORT
      GENERATED AFTER PLACE-and-ROUTE.

Clock Information:
------------------
-----------------------------------+------------------------+-------+
Clock Signal                       | Clock buffer(FF name)  | Load  |
-----------------------------------+------------------------+-------+
clk                                | BUFGP                  | 15    |
-----------------------------------+------------------------+-------+

Asynchronous Control Signals Information:
----------------------------------------
-----------------------------------+------------------------+-------+
Control Signal                     | Buffer(FF name)        | Load  |
-----------------------------------+------------------------+-------+
rst                                | IBUF                   | 15    |
-----------------------------------+------------------------+-------+

Timing Summary:
---------------
Speed Grade: -4

   Minimum period: 5.488ns (Maximum Frequency: 182.216MHz)
   Minimum input arrival time before clock: 2.807ns
   Maximum output required time after clock: 8.809ns
   Maximum combinational path delay: 6.727ns

Timing Detail:
--------------
All values displayed in nanoseconds (ns)

=========================================================================
Timing constraint: Default period analysis for Clock 'clk'
  Clock period: 5.488ns (frequency: 182.216MHz)
  Total number of paths / destination ports: 345 / 15
-------------------------------------------------------------------------
Delay:               5.488ns (Levels of Logic = 16)
  Source:            q_1 (FF)
  Destination:       q_14 (FF)
  Source Clock:      clk rising
  Destination Clock: clk rising

  Data Path: q_1 to q_14
                                Gate     Net
    Cell:in->out      fanout   Delay   Delay  Logical Name (Net Name)
    ----------------------------------------  ------------
     FDCE:C->Q             3   0.591   0.706  q_1 (q_1)
     LUT1:I0->O            1   0.704   0.000  Mcount_q_cy<1>_rt (Mcount_q_cy<1>_rt)
     MUXCY:S->O            1   0.464   0.000  Mcount_q_cy<1> (Mcount_q_cy<1>)
     MUXCY:CI->O           1   0.059   0.000  Mcount_q_cy<2> (Mcount_q_cy<2>)
     MUXCY:CI->O           1   0.059   0.000  Mcount_q_cy<3> (Mcount_q_cy<3>)
     MUXCY:CI->O           1   0.059   0.000  Mcount_q_cy<4> (Mcount_q_cy<4>)
     MUXCY:CI->O           1   0.059   0.000  Mcount_q_cy<5> (Mcount_q_cy<5>)
     MUXCY:CI->O           1   0.059   0.000  Mcount_q_cy<6> (Mcount_q_cy<6>)
     MUXCY:CI->O           1   0.059   0.000  Mcount_q_cy<7> (Mcount_q_cy<7>)
     MUXCY:CI->O           1   0.059   0.000  Mcount_q_cy<8> (Mcount_q_cy<8>)
     MUXCY:CI->O           1   0.059   0.000  Mcount_q_cy<9> (Mcount_q_cy<9>)
     MUXCY:CI->O           1   0.059   0.000  Mcount_q_cy<10> (Mcount_q_cy<10>)
     MUXCY:CI->O           1   0.059   0.000  Mcount_q_cy<11> (Mcount_q_cy<11>)
     MUXCY:CI->O           1   0.059   0.000  Mcount_q_cy<12> (Mcount_q_cy<12>)
     MUXCY:CI->O           0   0.059   0.000  Mcount_q_cy<13> (Mcount_q_cy<13>)
     XORCY:CI->O           1   0.804   0.499  Mcount_q_xor<14> (Result<14>)
     LUT2:I1->O            1   0.704   0.000  Mcount_q_eqn_141 (Mcount_q_eqn_14)
     FDCE:D                    0.308          q_14
    ----------------------------------------
    Total                      5.488ns (4.283ns logic, 1.205ns route)
                                       (78.0% logic, 22.0% route)

=========================================================================
Timing constraint: Default OFFSET IN BEFORE for Clock 'clk'
  Total number of paths / destination ports: 15 / 15
-------------------------------------------------------------------------
Offset:              2.807ns (Levels of Logic = 1)
  Source:            en (PAD)
  Destination:       q_0 (FF)
  Destination Clock: clk rising

  Data Path: en to q_0
                                Gate     Net
    Cell:in->out      fanout   Delay   Delay  Logical Name (Net Name)
    ----------------------------------------  ------------
     IBUF:I->O            16   1.218   1.034  en_IBUF (en_IBUF)
     FDCE:CE                   0.555          q_0
    ----------------------------------------
    Total                      2.807ns (1.773ns logic, 1.034ns route)
                                       (63.2% logic, 36.8% route)

=========================================================================
Timing constraint: Default OFFSET OUT AFTER for Clock 'clk'
  Total number of paths / destination ports: 30 / 16
-------------------------------------------------------------------------
Offset:              8.809ns (Levels of Logic = 4)
  Source:            q_5 (FF)
  Destination:       t (PAD)
  Source Clock:      clk rising

  Data Path: q_5 to t
                                Gate     Net
    Cell:in->out      fanout   Delay   Delay  Logical Name (Net Name)
    ----------------------------------------  ------------
     FDCE:C->Q             3   0.591   0.706  q_5 (q_5)
     LUT4:I0->O            1   0.704   0.499  q_cmp_eq000010 (q_cmp_eq000010)
     LUT4:I1->O           16   0.704   1.209  q_cmp_eq000046 (q_cmp_eq0000)
     LUT2:I0->O            1   0.704   0.420  t_and00001 (t_OBUF)
     OBUF:I->O                 3.272          t_OBUF (t)
    ----------------------------------------
    Total                      8.809ns (5.975ns logic, 2.834ns route)
                                       (67.8% logic, 32.2% route)

=========================================================================
Timing constraint: Default path analysis
  Total number of paths / destination ports: 1 / 1
-------------------------------------------------------------------------
Delay:               6.727ns (Levels of Logic = 3)
  Source:            en (PAD)
  Destination:       t (PAD)

  Data Path: en to t
                                Gate     Net
    Cell:in->out      fanout   Delay   Delay  Logical Name (Net Name)
    ----------------------------------------  ------------
     IBUF:I->O            16   1.218   1.113  en_IBUF (en_IBUF)
     LUT2:I1->O            1   0.704   0.420  t_and00001 (t_OBUF)
     OBUF:I->O                 3.272          t_OBUF (t)
    ----------------------------------------
    Total                      6.727ns (5.194ns logic, 1.533ns route)
                                       (77.2% logic, 22.8% route)

=========================================================================


Total REAL time to Xst completion: 6.00 secs
Total CPU time to Xst completion: 5.83 secs
 
--> 

Total memory usage is 258016 kilobytes

Number of errors   :    0 (   0 filtered)
Number of warnings :    0 (   0 filtered)
Number of infos    :    0 (   0 filtered)

