V3 3
FL "C:/Users/Ivan/Desktop/Practicas digital  Repeticion/Realizacion/Practica_2REP/decodificador.vhd" 2014/10/11.19:14:12 P.58f
EN work/decodificador 1413053526 \
      FL "C:/Users/Ivan/Desktop/Practicas digital  Repeticion/Realizacion/Practica_2REP/decodificador.vhd" \
      PB ieee/std_logic_1164 1364358218
AR work/decodificador/Behavioral 1413053527 \
      FL "C:/Users/Ivan/Desktop/Practicas digital  Repeticion/Realizacion/Practica_2REP/decodificador.vhd" \
      EN work/decodificador 1413053526
