Release 14.5 - xst P.58f (nt64)
Copyright (c) 1995-2012 Xilinx, Inc.  All rights reserved.
--> Parameter TMPDIR set to xst/projnav.tmp


Total REAL time to Xst completion: 0.00 secs
Total CPU time to Xst completion: 0.21 secs
 
--> Parameter xsthdpdir set to xst


Total REAL time to Xst completion: 0.00 secs
Total CPU time to Xst completion: 0.21 secs
 
--> Reading design: visualizacion.prj

TABLE OF CONTENTS
  1) Synthesis Options Summary
  2) HDL Compilation
  3) Design Hierarchy Analysis
  4) HDL Analysis
  5) HDL Synthesis
     5.1) HDL Synthesis Report
  6) Advanced HDL Synthesis
     6.1) Advanced HDL Synthesis Report
  7) Low Level Synthesis
  8) Partition Report
  9) Final Report
	9.1) Device utilization summary
	9.2) Partition Resource Summary
	9.3) TIMING REPORT


=========================================================================
*                      Synthesis Options Summary                        *
=========================================================================
---- Source Parameters
Input File Name                    : "visualizacion.prj"
Input Format                       : mixed
Ignore Synthesis Constraint File   : NO

---- Target Parameters
Output File Name                   : "visualizacion"
Output Format                      : NGC
Target Device                      : xc3s100e-5-cp132

---- Source Options
Top Module Name                    : visualizacion
Automatic FSM Extraction           : YES
FSM Encoding Algorithm             : Auto
Safe Implementation                : No
FSM Style                          : LUT
RAM Extraction                     : Yes
RAM Style                          : Auto
ROM Extraction                     : Yes
Mux Style                          : Auto
Decoder Extraction                 : YES
Priority Encoder Extraction        : Yes
Shift Register Extraction          : YES
Logical Shifter Extraction         : YES
XOR Collapsing                     : YES
ROM Style                          : Auto
Mux Extraction                     : Yes
Resource Sharing                   : YES
Asynchronous To Synchronous        : NO
Multiplier Style                   : Auto
Automatic Register Balancing       : No

---- Target Options
Add IO Buffers                     : YES
Global Maximum Fanout              : 100000
Add Generic Clock Buffer(BUFG)     : 24
Register Duplication               : YES
Slice Packing                      : YES
Optimize Instantiated Primitives   : NO
Use Clock Enable                   : Yes
Use Synchronous Set                : Yes
Use Synchronous Reset              : Yes
Pack IO Registers into IOBs        : Auto
Equivalent register Removal        : YES

---- General Options
Optimization Goal                  : Speed
Optimization Effort                : 1
Keep Hierarchy                     : No
Netlist Hierarchy                  : As_Optimized
RTL Output                         : Yes
Global Optimization                : AllClockNets
Read Cores                         : YES
Write Timing Constraints           : NO
Cross Clock Analysis               : NO
Hierarchy Separator                : /
Bus Delimiter                      : <>
Case Specifier                     : Maintain
Slice Utilization Ratio            : 100
BRAM Utilization Ratio             : 100
Verilog 2001                       : YES
Auto BRAM Packing                  : NO
Slice Utilization Ratio Delta      : 5

=========================================================================


=========================================================================
*                          HDL Compilation                              *
=========================================================================
Compiling vhdl file "C:/Users/Ivan/Desktop/Practicas digital  Repeticion/Realizacion/Tarea_contador/contador0_a_9.vhd" in Library work.
Architecture behavioral of Entity contador0_a_9 is up to date.
Compiling vhdl file "C:/Users/Ivan/Desktop/Practicas digital  Repeticion/Realizacion/Tarea_contador/decodificador.vhd" in Library work.
Architecture behavioral of Entity decodificador is up to date.
Compiling vhdl file "C:/Users/Ivan/Desktop/Practicas digital  Repeticion/Realizacion/Tarea_contador/variador_de_frecuencia.vhd" in Library work.
Architecture divisor of Entity segundo is up to date.
Compiling vhdl file "C:/Users/Ivan/Desktop/Practicas digital  Repeticion/Realizacion/Tarea_contador/visualizacion.vhd" in Library work.
Entity <visualizacion> compiled.
Entity <visualizacion> (Architecture <behavioral>) compiled.

=========================================================================
*                     Design Hierarchy Analysis                         *
=========================================================================
Analyzing hierarchy for entity <visualizacion> in library <work> (architecture <behavioral>).

Analyzing hierarchy for entity <contador0_a_9> in library <work> (architecture <behavioral>).

Analyzing hierarchy for entity <decodificador> in library <work> (architecture <behavioral>).

Analyzing hierarchy for entity <segundo> in library <work> (architecture <divisor>).

Analyzing hierarchy for entity <ffD_reset> in library <work> (architecture <behavioral>).


=========================================================================
*                            HDL Analysis                               *
=========================================================================
Analyzing Entity <visualizacion> in library <work> (Architecture <behavioral>).
Entity <visualizacion> analyzed. Unit <visualizacion> generated.

Analyzing Entity <contador0_a_9> in library <work> (Architecture <behavioral>).
Entity <contador0_a_9> analyzed. Unit <contador0_a_9> generated.

Analyzing Entity <ffD_reset> in library <work> (Architecture <behavioral>).
Entity <ffD_reset> analyzed. Unit <ffD_reset> generated.

Analyzing Entity <decodificador> in library <work> (Architecture <behavioral>).
Entity <decodificador> analyzed. Unit <decodificador> generated.

Analyzing Entity <segundo> in library <work> (Architecture <divisor>).
Entity <segundo> analyzed. Unit <segundo> generated.


=========================================================================
*                           HDL Synthesis                               *
=========================================================================

Performing bidirectional port resolution...

Synthesizing Unit <decodificador>.
    Related source file is "C:/Users/Ivan/Desktop/Practicas digital  Repeticion/Realizacion/Tarea_contador/decodificador.vhd".
Unit <decodificador> synthesized.


Synthesizing Unit <segundo>.
    Related source file is "C:/Users/Ivan/Desktop/Practicas digital  Repeticion/Realizacion/Tarea_contador/variador_de_frecuencia.vhd".
    Found 1-bit register for signal <pulso>.
    Found 32-bit up counter for signal <count>.
    Summary:
	inferred   1 Counter(s).
	inferred   1 D-type flip-flop(s).
Unit <segundo> synthesized.


Synthesizing Unit <ffD_reset>.
    Related source file is "C:/Users/Ivan/Desktop/Practicas digital  Repeticion/Realizacion/Tarea_contador/ffD_reset.vhd".
    Found 1-bit register for signal <q>.
    Summary:
	inferred   1 D-type flip-flop(s).
Unit <ffD_reset> synthesized.


Synthesizing Unit <contador0_a_9>.
    Related source file is "C:/Users/Ivan/Desktop/Practicas digital  Repeticion/Realizacion/Tarea_contador/contador0_a_9.vhd".
    Found 1-bit xor2 for signal <db>.
Unit <contador0_a_9> synthesized.


Synthesizing Unit <visualizacion>.
    Related source file is "C:/Users/Ivan/Desktop/Practicas digital  Repeticion/Realizacion/Tarea_contador/visualizacion.vhd".
Unit <visualizacion> synthesized.


=========================================================================
HDL Synthesis Report

Macro Statistics
# Counters                                             : 1
 32-bit up counter                                     : 1
# Registers                                            : 5
 1-bit register                                        : 5
# Xors                                                 : 1
 1-bit xor2                                            : 1

=========================================================================

=========================================================================
*                       Advanced HDL Synthesis                          *
=========================================================================


=========================================================================
Advanced HDL Synthesis Report

Macro Statistics
# Counters                                             : 1
 32-bit up counter                                     : 1
# Registers                                            : 5
 Flip-Flops                                            : 5
# Xors                                                 : 1
 1-bit xor2                                            : 1

=========================================================================

=========================================================================
*                         Low Level Synthesis                           *
=========================================================================

Optimizing unit <visualizacion> ...

Optimizing unit <contador0_a_9> ...

Mapping all equations...
Building and optimizing final netlist ...
Found area constraint ratio of 100 (+ 5) on block visualizacion, actual ratio is 2.

Final Macro Processing ...

=========================================================================
Final Register Report

Macro Statistics
# Registers                                            : 37
 Flip-Flops                                            : 37

=========================================================================

=========================================================================
*                           Partition Report                            *
=========================================================================

Partition Implementation Status
-------------------------------

  No Partitions were found in this design.

-------------------------------

=========================================================================
*                            Final Report                               *
=========================================================================
Final Results
RTL Top Level Output File Name     : visualizacion.ngr
Top Level Output File Name         : visualizacion
Output Format                      : NGC
Optimization Goal                  : Speed
Keep Hierarchy                     : No

Design Statistics
# IOs                              : 10

Cell Usage :
# BELS                             : 125
#      GND                         : 1
#      INV                         : 3
#      LUT1                        : 31
#      LUT3                        : 3
#      LUT4                        : 15
#      MUXCY                       : 39
#      VCC                         : 1
#      XORCY                       : 32
# FlipFlops/Latches                : 37
#      FDCE                        : 4
#      FDE                         : 1
#      FDR                         : 31
#      FDS                         : 1
# Clock Buffers                    : 1
#      BUFGP                       : 1
# IO Buffers                       : 9
#      IBUF                        : 2
#      OBUF                        : 7
=========================================================================

Device utilization summary:
---------------------------

Selected Device : 3s100ecp132-5 

 Number of Slices:                       26  out of    960     2%  
 Number of Slice Flip Flops:             37  out of   1920     1%  
 Number of 4 input LUTs:                 52  out of   1920     2%  
 Number of IOs:                          10
 Number of bonded IOBs:                  10  out of     83    12%  
 Number of GCLKs:                         1  out of     24     4%  

---------------------------
Partition Resource Summary:
---------------------------

  No Partitions were found in this design.

---------------------------


=========================================================================
TIMING REPORT

NOTE: THESE TIMING NUMBERS ARE ONLY A SYNTHESIS ESTIMATE.
      FOR ACCURATE TIMING INFORMATION PLEASE REFER TO THE TRACE REPORT
      GENERATED AFTER PLACE-and-ROUTE.

Clock Information:
------------------
-----------------------------------+-------------------------------------------+-------+
Clock Signal                       | Clock buffer(FF name)                     | Load  |
-----------------------------------+-------------------------------------------+-------+
clk                                | BUFGP                                     | 33    |
Inst_segundo/pulso                 | NONE(Inst_contador0_a_9/Inst_ffD_resetA/q)| 4     |
-----------------------------------+-------------------------------------------+-------+
INFO:Xst:2169 - HDL ADVISOR - Some clock signals were not automatically buffered by XST with BUFG/BUFR resources. Please use the buffer_type constraint in order to insert these buffers to the clock signals to help prevent skew problems.

Asynchronous Control Signals Information:
----------------------------------------
-----------------------------------+------------------------+-------+
Control Signal                     | Buffer(FF name)        | Load  |
-----------------------------------+------------------------+-------+
reset                              | IBUF                   | 4     |
-----------------------------------+------------------------+-------+

Timing Summary:
---------------
Speed Grade: -5

   Minimum period: 4.528ns (Maximum Frequency: 220.868MHz)
   Minimum input arrival time before clock: 2.088ns
   Maximum output required time after clock: 5.597ns
   Maximum combinational path delay: No path found

Timing Detail:
--------------
All values displayed in nanoseconds (ns)

=========================================================================
Timing constraint: Default period analysis for Clock 'clk'
  Clock period: 4.528ns (frequency: 220.868MHz)
  Total number of paths / destination ports: 1585 / 66
-------------------------------------------------------------------------
Delay:               4.528ns (Levels of Logic = 9)
  Source:            Inst_segundo/count_8 (FF)
  Destination:       Inst_segundo/count_0 (FF)
  Source Clock:      clk rising
  Destination Clock: clk rising

  Data Path: Inst_segundo/count_8 to Inst_segundo/count_0
                                Gate     Net
    Cell:in->out      fanout   Delay   Delay  Logical Name (Net Name)
    ----------------------------------------  ------------
     FDR:C->Q              2   0.514   0.532  Inst_segundo/count_8 (Inst_segundo/count_8)
     LUT4:I0->O            1   0.612   0.000  Inst_segundo/pulso_cmp_eq0000_wg_lut<0> (Inst_segundo/pulso_cmp_eq0000_wg_lut<0>)
     MUXCY:S->O            1   0.404   0.000  Inst_segundo/pulso_cmp_eq0000_wg_cy<0> (Inst_segundo/pulso_cmp_eq0000_wg_cy<0>)
     MUXCY:CI->O           1   0.052   0.000  Inst_segundo/pulso_cmp_eq0000_wg_cy<1> (Inst_segundo/pulso_cmp_eq0000_wg_cy<1>)
     MUXCY:CI->O           1   0.052   0.000  Inst_segundo/pulso_cmp_eq0000_wg_cy<2> (Inst_segundo/pulso_cmp_eq0000_wg_cy<2>)
     MUXCY:CI->O           1   0.052   0.000  Inst_segundo/pulso_cmp_eq0000_wg_cy<3> (Inst_segundo/pulso_cmp_eq0000_wg_cy<3>)
     MUXCY:CI->O           1   0.052   0.000  Inst_segundo/pulso_cmp_eq0000_wg_cy<4> (Inst_segundo/pulso_cmp_eq0000_wg_cy<4>)
     MUXCY:CI->O           1   0.052   0.000  Inst_segundo/pulso_cmp_eq0000_wg_cy<5> (Inst_segundo/pulso_cmp_eq0000_wg_cy<5>)
     MUXCY:CI->O           1   0.052   0.000  Inst_segundo/pulso_cmp_eq0000_wg_cy<6> (Inst_segundo/pulso_cmp_eq0000_wg_cy<6>)
     MUXCY:CI->O          33   0.289   1.073  Inst_segundo/pulso_cmp_eq0000_wg_cy<7> (Inst_segundo/pulso_cmp_eq0000)
     FDS:S                     0.795          Inst_segundo/count_0
    ----------------------------------------
    Total                      4.528ns (2.923ns logic, 1.605ns route)
                                       (64.5% logic, 35.5% route)

=========================================================================
Timing constraint: Default period analysis for Clock 'Inst_segundo/pulso'
  Clock period: 2.544ns (frequency: 393.074MHz)
  Total number of paths / destination ports: 11 / 4
-------------------------------------------------------------------------
Delay:               2.544ns (Levels of Logic = 1)
  Source:            Inst_contador0_a_9/Inst_ffD_resetD/q (FF)
  Destination:       Inst_contador0_a_9/Inst_ffD_resetD/q (FF)
  Source Clock:      Inst_segundo/pulso rising
  Destination Clock: Inst_segundo/pulso rising

  Data Path: Inst_contador0_a_9/Inst_ffD_resetD/q to Inst_contador0_a_9/Inst_ffD_resetD/q
                                Gate     Net
    Cell:in->out      fanout   Delay   Delay  Logical Name (Net Name)
    ----------------------------------------  ------------
     FDCE:C->Q            11   0.514   0.793  Inst_contador0_a_9/Inst_ffD_resetD/q (Inst_contador0_a_9/Inst_ffD_resetD/q)
     INV:I->O              1   0.612   0.357  Inst_contador0_a_9/dd1_INV_0 (Inst_contador0_a_9/dd)
     FDCE:D                    0.268          Inst_contador0_a_9/Inst_ffD_resetD/q
    ----------------------------------------
    Total                      2.544ns (1.394ns logic, 1.150ns route)
                                       (54.8% logic, 45.2% route)

=========================================================================
Timing constraint: Default OFFSET IN BEFORE for Clock 'Inst_segundo/pulso'
  Total number of paths / destination ports: 4 / 4
-------------------------------------------------------------------------
Offset:              2.088ns (Levels of Logic = 1)
  Source:            ce (PAD)
  Destination:       Inst_contador0_a_9/Inst_ffD_resetA/q (FF)
  Destination Clock: Inst_segundo/pulso rising

  Data Path: ce to Inst_contador0_a_9/Inst_ffD_resetA/q
                                Gate     Net
    Cell:in->out      fanout   Delay   Delay  Logical Name (Net Name)
    ----------------------------------------  ------------
     IBUF:I->O             4   1.106   0.499  ce_IBUF (ce_IBUF)
     FDCE:CE                   0.483          Inst_contador0_a_9/Inst_ffD_resetD/q
    ----------------------------------------
    Total                      2.088ns (1.589ns logic, 0.499ns route)
                                       (76.1% logic, 23.9% route)

=========================================================================
Timing constraint: Default OFFSET OUT AFTER for Clock 'Inst_segundo/pulso'
  Total number of paths / destination ports: 27 / 7
-------------------------------------------------------------------------
Offset:              5.597ns (Levels of Logic = 2)
  Source:            Inst_contador0_a_9/Inst_ffD_resetD/q (FF)
  Destination:       led<5> (PAD)
  Source Clock:      Inst_segundo/pulso rising

  Data Path: Inst_contador0_a_9/Inst_ffD_resetD/q to led<5>
                                Gate     Net
    Cell:in->out      fanout   Delay   Delay  Logical Name (Net Name)
    ----------------------------------------  ------------
     FDCE:C->Q            11   0.514   0.945  Inst_contador0_a_9/Inst_ffD_resetD/q (Inst_contador0_a_9/Inst_ffD_resetD/q)
     LUT4:I0->O            1   0.612   0.357  Inst_decodificador/led_2_and00001 (led_2_OBUF)
     OBUF:I->O                 3.169          led_2_OBUF (led<2>)
    ----------------------------------------
    Total                      5.597ns (4.295ns logic, 1.302ns route)
                                       (76.7% logic, 23.3% route)

=========================================================================


Total REAL time to Xst completion: 6.00 secs
Total CPU time to Xst completion: 6.19 secs
 
--> 

Total memory usage is 244860 kilobytes

Number of errors   :    0 (   0 filtered)
Number of warnings :    0 (   0 filtered)
Number of infos    :    1 (   0 filtered)

