AR ffd_reset behavioral C:/Users/Tami/Desktop/Cerebro_final/ffD_reset.vhd sub00/vhpl05 1418232250
EN preescalado_motor NULL C:/Users/Tami/Desktop/Cerebro_final/prescaler_motor.vhd sub00/vhpl08 1418232253
EN cycle_counter NULL C:/Users/Tami/Desktop/Cerebro_final/Contador_19455.vhd sub00/vhpl30 1418232275
EN deco_giro NULL C:/Users/Tami/Desktop/Cerebro_final/DECO_GIRO.vhd sub00/vhpl34 1418232281
AR deco_velocidad behavioral C:/Users/Tami/Desktop/Cerebro_final/deco_velocidad.vhd sub00/vhpl37 1418232284
AR fsm_control_ant behavioral C:/Users/Tami/Desktop/Cerebro_final/fsm_control_ant.vhd sub00/vhpl01 1418232280
EN measure_registers NULL C:/Users/Tami/Desktop/Cerebro_final/measure_registers.vhd sub00/vhpl26 1418232271
EN seven_segment_mux NULL C:/Users/Tami/Desktop/Cerebro_final/seven_segment_mux.vhd sub00/vhpl40 1418232287
EN seq_generator NULL C:/Users/Tami/Desktop/Cerebro_final/seq_generator.vhd sub00/vhpl16 1418232261
EN cont_preescalado NULL C:/Users/Tami/Desktop/Cerebro_final/Prescaler.vhd sub00/vhpl28 1418232273
AR controlador_izquierda behavioral C:/Users/Tami/Desktop/Cerebro_final/controlador_izquierda.vhd sub00/vhpl45 1418232292
AR measure_registers behavioral C:/Users/Tami/Desktop/Cerebro_final/measure_registers.vhd sub00/vhpl27 1418232272
EN multiplexor NULL C:/Users/Tami/Desktop/Cerebro_final/multiplexor.vhd sub00/vhpl12 1418232257
AR hormiga behavioral C:/Users/Tami/Desktop/Cerebro_final/hormiga.vhd sub00/vhpl47 1418232294
AR multiplexor behavioral C:/Users/Tami/Desktop/Cerebro_final/multiplexor.vhd sub00/vhpl13 1418232258
EN eco_counter NULL C:/Users/Tami/Desktop/Cerebro_final/eco_counter.vhd sub00/vhpl24 1418232269
AR seven_segment_mux behavioral C:/Users/Tami/Desktop/Cerebro_final/seven_segment_mux.vhd sub00/vhpl41 1418232288
AR abs_counter behavioral C:/Users/Tami/Desktop/Cerebro_final/abs_counter.vhd sub00/vhpl03 1418232248
AR deco_giro behavioral C:/Users/Tami/Desktop/Cerebro_final/DECO_GIRO.vhd sub00/vhpl35 1418232282
EN debounce NULL C:/Users/Tami/Desktop/Cerebro_final/debounce.vhd sub00/vhpl32 1418232277
AR maquina_d_estados behavioral C:/Users/Tami/Desktop/Cerebro_final/Maquina_d_estados.vhd sub00/vhpl21 1418232266
AR cycle_counter behavioral C:/Users/Tami/Desktop/Cerebro_final/Contador_19455.vhd sub00/vhpl31 1418232276
EN hormiga NULL C:/Users/Tami/Desktop/Cerebro_final/hormiga.vhd sub00/vhpl46 1418232293
AR debounce logic C:/Users/Tami/Desktop/Cerebro_final/debounce.vhd sub00/vhpl33 1418232278
EN maquina_d_estados NULL C:/Users/Tami/Desktop/Cerebro_final/Maquina_d_estados.vhd sub00/vhpl20 1418232265
AR decodificador2a4 behavioral C:/Users/Tami/Desktop/Cerebro_final/decodificador2a4.vhd sub00/vhpl15 1418232260
AR cont_preescalado behavioral C:/Users/Tami/Desktop/Cerebro_final/Prescaler.vhd sub00/vhpl29 1418232274
EN fsm_control_ant NULL C:/Users/Tami/Desktop/Cerebro_final/fsm_control_ant.vhd sub00/vhpl00 1418232279
EN decodificador2a4 NULL C:/Users/Tami/Desktop/Cerebro_final/decodificador2a4.vhd sub00/vhpl14 1418232259
AR decodificador2 behavioral C:/Users/Tami/Desktop/Cerebro_final/decodificador.vhd sub00/vhpl19 1418232264
AR preescalado_motor behavioral C:/Users/Tami/Desktop/Cerebro_final/prescaler_motor.vhd sub00/vhpl09 1418232254
AR eco_counter behavioral C:/Users/Tami/Desktop/Cerebro_final/eco_counter.vhd sub00/vhpl25 1418232270
AR comparador_8bits behavioral C:/Users/Tami/Desktop/Cerebro_final/Comparador_8bits.vhd sub00/vhpl07 1418232252
EN controlador_izquierda NULL C:/Users/Tami/Desktop/Cerebro_final/controlador_izquierda.vhd sub00/vhpl44 1418232291
EN deco_velocidad NULL C:/Users/Tami/Desktop/Cerebro_final/deco_velocidad.vhd sub00/vhpl36 1418232283
AR seq_generator arch C:/Users/Tami/Desktop/Cerebro_final/seq_generator.vhd sub00/vhpl17 1418232262
AR bidirectional_buffer_controller behavioral C:/Users/Tami/Desktop/Cerebro_final/Bidirectional_buffer_controller.vhd sub00/vhpl23 1418232268
EN decodificador2 NULL C:/Users/Tami/Desktop/Cerebro_final/decodificador.vhd sub00/vhpl18 1418232263
EN comparador_8bits NULL C:/Users/Tami/Desktop/Cerebro_final/Comparador_8bits.vhd sub00/vhpl06 1418232251
EN controlador_derecha NULL C:/Users/Tami/Desktop/Cerebro_final/Motor.vhd sub00/vhpl42 1418232289
AR controlador_derecha behavioral C:/Users/Tami/Desktop/Cerebro_final/Motor.vhd sub00/vhpl43 1418232290
EN contador NULL C:/Users/Tami/Desktop/Cerebro_final/contador.vhd sub00/vhpl10 1418232255
EN ultra_ping NULL C:/Users/Tami/Desktop/Cerebro_final/Ultra_ping.vhd sub00/vhpl38 1418232285
EN bidirectional_buffer_controller NULL C:/Users/Tami/Desktop/Cerebro_final/Bidirectional_buffer_controller.vhd sub00/vhpl22 1418232267
EN ffd_reset NULL C:/Users/Tami/Desktop/Cerebro_final/ffD_reset.vhd sub00/vhpl04 1418232249
EN abs_counter NULL C:/Users/Tami/Desktop/Cerebro_final/abs_counter.vhd sub00/vhpl02 1418232247
AR contador behavioral C:/Users/Tami/Desktop/Cerebro_final/contador.vhd sub00/vhpl11 1418232256
AR ultra_ping behavioral C:/Users/Tami/Desktop/Cerebro_final/Ultra_ping.vhd sub00/vhpl39 1418232286
